rm -rf build/output
termux-core-package: Building termux-core-package

termux-core-package: Building app/main

termux-core-package: Building app/main/scripts/*
find app/main/scripts -type f -name "*.in" -exec sh -c \
	'sed -e "s%[@]TERMUX_CORE_PKG__VERSION[@]%0.4.0%g" -e "s%[@]TERMUX_CORE_PKG__ARCH[@]%aarch64%g" -e "s%[@]TERMUX__LNAME[@]%termux%g" -e "s%[@]TERMUX__REPOS_HOST_ORG_NAME[@]%termux%g" -e "s%[@]TERMUX_APP__NAME[@]%Thawra Alimia%g" -e "s%[@]TERMUX_APP__PACKAGE_NAME[@]%com.thawra.termux.ai%g" -e "s%[@]TERMUX_APP__DATA_DIR[@]%/data/data/com.thawra.termux.ai%g" -e "s%[@]TERMUX__ROOTFS[@]%/data/data/com.thawra.termux.ai/files%g" -e "s%[@]TERMUX__HOME[@]%/data/data/com.thawra.termux.ai/files/home%g" -e "s%[@]TERMUX__PREFIX[@]%/data/data/com.thawra.termux.ai/files/usr%g" -e "s%[@]TERMUX_ENV__S_ROOT[@]%TERMUX_%g" -e "s%[@]TERMUX_ENV__S_TERMUX[@]%TERMUX__%g" -e "s%[@]TERMUX_ENV__S_TERMUX_APP[@]%TERMUX_APP__%g" -e "s%[@]TERMUX_ENV__S_TERMUX_API_APP[@]%TERMUX_API_APP__%g" -e "s%[@]TERMUX_ENV__S_TERMUX_CORE[@]%TERMUX_CORE__%g" -e "s%[@]TERMUX_ENV__S_TERMUX_CORE__TESTS[@]%TERMUX_CORE__TESTS__%g" -e "s%[@]TERMUX_ENV__S_TERMUX_EXEC__TESTS[@]%TERMUX_EXEC__TESTS__%g" -e "s%[@]TERMUX_APP__NAMESPACE[@]%com.thawra.termux.ai%g" -e "s%[@]TERMUX_APP__SHELL_API__SHELL_API_ACTIVITY__CLASS_NAME[@]%com.thawra.termux.ai.app.TermuxActivity%g" -e "s%[@]TERMUX_APP__SHELL_API__SHELL_API_SERVICE__CLASS_NAME[@]%com.thawra.termux.ai.app.TermuxService%g" -e "s%[@]TERMUX_PKGS__REPO_URL[@]%https:\/\/github.com\/termux\/termux-packages%g" -e "s%[@]TERMUX_CORE_PKG__REPO_URL[@]%https:\/\/github.com\/termux\/termux-core-package%g" "$1" > build/output/usr/bin/"$(basename "$1" | sed "s/\.in$//")"' sh "{}" \;
find build/output/usr/bin -maxdepth 1 -type f -exec chmod 700 "{}" \;
find app/main/scripts -type l -exec cp -a "{}" build/output/usr/bin/ \;
"/home/runner/work/thawra-alimia-termux-ai/thawra-alimia-termux-ai/build/termux-packages-repo/packages/termux-core/build/scripts/termux-replace-termux-core-src-scripts" build/output/usr/bin/*

termux-core-package: Building app/main/tests/*
find app/main/tests -maxdepth 1 -type f -name "*.in" -print0 | xargs -0 -n1 sh -c \
	'output_file="build/output/usr/libexec/installed-tests/termux-core/app/main/$(printf "%s" "$0" | sed -e "s|^app/main/tests/||" -e "s/\.in$//")" && mkdir -p "$(dirname "$output_file")" && sed -e "s%[@]TERMUX_CORE_PKG__VERSION[@]%0.4.0%g" -e "s%[@]TERMUX_CORE_PKG__ARCH[@]%aarch64%g" -e "s%[@]TERMUX__LNAME[@]%termux%g" -e "s%[@]TERMUX__REPOS_HOST_ORG_NAME[@]%termux%g" -e "s%[@]TERMUX_APP__NAME[@]%Thawra Alimia%g" -e "s%[@]TERMUX_APP__PACKAGE_NAME[@]%com.thawra.termux.ai%g" -e "s%[@]TERMUX_APP__DATA_DIR[@]%/data/data/com.thawra.termux.ai%g" -e "s%[@]TERMUX__ROOTFS[@]%/data/data/com.thawra.termux.ai/files%g" -e "s%[@]TERMUX__HOME[@]%/data/data/com.thawra.termux.ai/files/home%g" -e "s%[@]TERMUX__PREFIX[@]%/data/data/com.thawra.termux.ai/files/usr%g" -e "s%[@]TERMUX_ENV__S_ROOT[@]%TERMUX_%g" -e "s%[@]TERMUX_ENV__S_TERMUX[@]%TERMUX__%g" -e "s%[@]TERMUX_ENV__S_TERMUX_APP[@]%TERMUX_APP__%g" -e "s%[@]TERMUX_ENV__S_TERMUX_API_APP[@]%TERMUX_API_APP__%g" -e "s%[@]TERMUX_ENV__S_TERMUX_CORE[@]%TERMUX_CORE__%g" -e "s%[@]TERMUX_ENV__S_TERMUX_CORE__TESTS[@]%TERMUX_CORE__TESTS__%g" -e "s%[@]TERMUX_ENV__S_TERMUX_EXEC__TESTS[@]%TERMUX_EXEC__TESTS__%g" -e "s%[@]TERMUX_APP__NAMESPACE[@]%com.thawra.termux.ai%g" -e "s%[@]TERMUX_APP__SHELL_API__SHELL_API_ACTIVITY__CLASS_NAME[@]%com.thawra.termux.ai.app.TermuxActivity%g" -e "s%[@]TERMUX_APP__SHELL_API__SHELL_API_SERVICE__CLASS_NAME[@]%com.thawra.termux.ai.app.TermuxService%g" -e "s%[@]TERMUX_PKGS__REPO_URL[@]%https:\/\/github.com\/termux\/termux-packages%g" -e "s%[@]TERMUX_CORE_PKG__REPO_URL[@]%https:\/\/github.com\/termux\/termux-core-package%g" "$0" > "$output_file"'
find build/output/usr/libexec/installed-tests/termux-core/app/main -maxdepth 1 -type f -exec chmod 700 "{}" \;

termux-core-package: Building app/main/tests/scripts/*
find app/main/tests/scripts -type f -name "*.in" -print0 | xargs -0 -n1 sh -c \
	'output_file="build/output/usr/libexec/installed-tests/termux-core/app/main/scripts/$(printf "%s" "$0" | sed -e "s|^app/main/tests/scripts/||" -e "s/\.in$//")" && mkdir -p "$(dirname "$output_file")" && sed -e "s%[@]TERMUX_CORE_PKG__VERSION[@]%0.4.0%g" -e "s%[@]TERMUX_CORE_PKG__ARCH[@]%aarch64%g" -e "s%[@]TERMUX__LNAME[@]%termux%g" -e "s%[@]TERMUX__REPOS_HOST_ORG_NAME[@]%termux%g" -e "s%[@]TERMUX_APP__NAME[@]%Thawra Alimia%g" -e "s%[@]TERMUX_APP__PACKAGE_NAME[@]%com.thawra.termux.ai%g" -e "s%[@]TERMUX_APP__DATA_DIR[@]%/data/data/com.thawra.termux.ai%g" -e "s%[@]TERMUX__ROOTFS[@]%/data/data/com.thawra.termux.ai/files%g" -e "s%[@]TERMUX__HOME[@]%/data/data/com.thawra.termux.ai/files/home%g" -e "s%[@]TERMUX__PREFIX[@]%/data/data/com.thawra.termux.ai/files/usr%g" -e "s%[@]TERMUX_ENV__S_ROOT[@]%TERMUX_%g" -e "s%[@]TERMUX_ENV__S_TERMUX[@]%TERMUX__%g" -e "s%[@]TERMUX_ENV__S_TERMUX_APP[@]%TERMUX_APP__%g" -e "s%[@]TERMUX_ENV__S_TERMUX_API_APP[@]%TERMUX_API_APP__%g" -e "s%[@]TERMUX_ENV__S_TERMUX_CORE[@]%TERMUX_CORE__%g" -e "s%[@]TERMUX_ENV__S_TERMUX_CORE__TESTS[@]%TERMUX_CORE__TESTS__%g" -e "s%[@]TERMUX_ENV__S_TERMUX_EXEC__TESTS[@]%TERMUX_EXEC__TESTS__%g" -e "s%[@]TERMUX_APP__NAMESPACE[@]%com.thawra.termux.ai%g" -e "s%[@]TERMUX_APP__SHELL_API__SHELL_API_ACTIVITY__CLASS_NAME[@]%com.thawra.termux.ai.app.TermuxActivity%g" -e "s%[@]TERMUX_APP__SHELL_API__SHELL_API_SERVICE__CLASS_NAME[@]%com.thawra.termux.ai.app.TermuxService%g" -e "s%[@]TERMUX_PKGS__REPO_URL[@]%https:\/\/github.com\/termux\/termux-packages%g" -e "s%[@]TERMUX_CORE_PKG__REPO_URL[@]%https:\/\/github.com\/termux\/termux-core-package%g" "$0" > "$output_file"'
find build/output/usr/libexec/installed-tests/termux-core/app/main/scripts -type f -exec chmod 700 "{}" \;

termux-core-package: Building lib/termux-core_nos_c/tre

termux-core-package: Building lib/termux-core_nos_c/tre/lib/*.o
for source_file in lib/termux-core_nos_c/tre/src/android/shell/command/environment/AndroidShellEnvironment.c lib/termux-core_nos_c/tre/src/TermuxCoreLibraryConfig.c lib/termux-core_nos_c/tre/src/data/AssertUtils.c lib/termux-core_nos_c/tre/src/data/DataUtils.c lib/termux-core_nos_c/tre/src/logger/FileLoggerImpl.c lib/termux-core_nos_c/tre/src/logger/Logger.c lib/termux-core_nos_c/tre/src/logger/StandardLoggerImpl.c lib/termux-core_nos_c/tre/src/security/SecurityUtils.c lib/termux-core_nos_c/tre/src/termux/file/TermuxFile.c lib/termux-core_nos_c/tre/src/termux/shell/command/environment/TermuxShellEnvironment.c lib/termux-core_nos_c/tre/src/termux/shell/command/environment/termux_core/TermuxCoreShellEnvironment.c lib/termux-core_nos_c/tre/src/unix/file/UnixFileUtils.c lib/termux-core_nos_c/tre/src/unix/os/process/UnixForkUtils.c lib/termux-core_nos_c/tre/src/unix/os/process/UnixSafeStrerror.c lib/termux-core_nos_c/tre/src/unix/os/process/UnixSignalUtils.c lib/termux-core_nos_c/tre/src/unix/os/selinux/UnixSeLinuxUtils.c lib/termux-core_nos_c/tre/src/unix/shell/command/environment/UnixShellEnvironment.c; do \
	mkdir -p "$(dirname "build/output/tmp/$source_file")" || exit $?; \
	/usr/local/lib/android/sdk/ndk/29.0.14206865/toolchains/llvm/prebuilt/linux-x86_64/bin/aarch64-linux-android24-clang -c  -Wall -Wextra -Werror -Wshadow -O2 -D_FORTIFY_SOURCE=2 -fstack-protector-strong -isystem/data/data/com.thawra.termux.ai/files/usr/include -I "lib/termux-core_nos_c/tre/include" \
		-DTERMUX_CORE_PKG__VERSION=\"0.4.0\" -DTERMUX__NAME=\"Termux\" -DTERMUX__LNAME=\"termux\" -DTERMUX__REPOS_HOST_ORG_NAME=\"termux\" -DTERMUX_APP__DATA_DIR=\"/data/data/com.thawra.termux.ai\" -DTERMUX__ROOTFS=\"/data/data/com.thawra.termux.ai/files\" -DTERMUX__PREFIX=\"/data/data/com.thawra.termux.ai/files/usr\" -DTERMUX__PREFIX__BIN_DIR=\"/data/data/com.thawra.termux.ai/files/usr/bin\" -DTERMUX__PREFIX__TMP_DIR=\"/data/data/com.thawra.termux.ai/files/usr/tmp\" -DTERMUX_ENV__S_TERMUX=\"TERMUX__\" -DTERMUX_ENV__S_TERMUX_APP=\"TERMUX_APP__\" -DTERMUX_ENV__S_TERMUX_ROOTFS=\"TERMUX_ROOTFS__\" -DTERMUX_ENV__S_TERMUX_CORE__TESTS=\"TERMUX_CORE__TESTS__\" \
		-fPIC -fvisibility=default \
		-o build/output/tmp/"$(echo "$source_file" | sed -E "s/(.*)\.c$/\1.o/")" \
		"$source_file" || exit $?; \
done

termux-core-package: Building lib/libtermux-core_nos_c_tre.so
/usr/local/lib/android/sdk/ndk/29.0.14206865/toolchains/llvm/prebuilt/linux-x86_64/bin/aarch64-linux-android24-clang  -Wall -Wextra -Werror -Wshadow -O2 -D_FORTIFY_SOURCE=2 -fstack-protector-strong -isystem/data/data/com.thawra.termux.ai/files/usr/include -I "lib/termux-core_nos_c/tre/include" \
	-L/data/data/com.thawra.termux.ai/files/usr/lib -Wl,-rpath=/data/data/com.thawra.termux.ai/files/usr/lib -Wl,--enable-new-dtags -Wl,--as-needed -Wl,-z,relro,-z,now \
	-DTERMUX_CORE_PKG__VERSION=\"0.4.0\" -DTERMUX__NAME=\"Termux\" -DTERMUX__LNAME=\"termux\" -DTERMUX__REPOS_HOST_ORG_NAME=\"termux\" -DTERMUX_APP__DATA_DIR=\"/data/data/com.thawra.termux.ai\" -DTERMUX__ROOTFS=\"/data/data/com.thawra.termux.ai/files\" -DTERMUX__PREFIX=\"/data/data/com.thawra.termux.ai/files/usr\" -DTERMUX__PREFIX__BIN_DIR=\"/data/data/com.thawra.termux.ai/files/usr/bin\" -DTERMUX__PREFIX__TMP_DIR=\"/data/data/com.thawra.termux.ai/files/usr/tmp\" -DTERMUX_ENV__S_TERMUX=\"TERMUX__\" -DTERMUX_ENV__S_TERMUX_APP=\"TERMUX_APP__\" -DTERMUX_ENV__S_TERMUX_ROOTFS=\"TERMUX_ROOTFS__\" -DTERMUX_ENV__S_TERMUX_CORE__TESTS=\"TERMUX_CORE__TESTS__\" \
	-fPIC -shared -fvisibility=default \
	-o build/output/usr/lib/libtermux-core_nos_c_tre.so \
	build/output/tmp/lib/termux-core_nos_c/tre/src/android/shell/command/environment/AndroidShellEnvironment.o build/output/tmp/lib/termux-core_nos_c/tre/src/TermuxCoreLibraryConfig.o build/output/tmp/lib/termux-core_nos_c/tre/src/data/AssertUtils.o build/output/tmp/lib/termux-core_nos_c/tre/src/data/DataUtils.o build/output/tmp/lib/termux-core_nos_c/tre/src/logger/FileLoggerImpl.o build/output/tmp/lib/termux-core_nos_c/tre/src/logger/Logger.o build/output/tmp/lib/termux-core_nos_c/tre/src/logger/StandardLoggerImpl.o build/output/tmp/lib/termux-core_nos_c/tre/src/security/SecurityUtils.o build/output/tmp/lib/termux-core_nos_c/tre/src/termux/file/TermuxFile.o build/output/tmp/lib/termux-core_nos_c/tre/src/termux/shell/command/environment/TermuxShellEnvironment.o build/output/tmp/lib/termux-core_nos_c/tre/src/termux/shell/command/environment/termux_core/TermuxCoreShellEnvironment.o build/output/tmp/lib/termux-core_nos_c/tre/src/unix/file/UnixFileUtils.o build/output/tmp/lib/termux-core_nos_c/tre/src/unix/os/process/UnixForkUtils.o build/output/tmp/lib/termux-core_nos_c/tre/src/unix/os/process/UnixSafeStrerror.o build/output/tmp/lib/termux-core_nos_c/tre/src/unix/os/process/UnixSignalUtils.o build/output/tmp/lib/termux-core_nos_c/tre/src/unix/os/selinux/UnixSeLinuxUtils.o build/output/tmp/lib/termux-core_nos_c/tre/src/unix/shell/command/environment/UnixShellEnvironment.o

termux-core-package: Building lib/libtermux-core_nos_c_tre.a
/usr/local/lib/android/sdk/ndk/29.0.14206865/toolchains/llvm/prebuilt/linux-x86_64/bin/llvm-ar rcs build/output/usr/lib/libtermux-core_nos_c_tre.a build/output/tmp/lib/termux-core_nos_c/tre/src/android/shell/command/environment/AndroidShellEnvironment.o build/output/tmp/lib/termux-core_nos_c/tre/src/TermuxCoreLibraryConfig.o build/output/tmp/lib/termux-core_nos_c/tre/src/data/AssertUtils.o build/output/tmp/lib/termux-core_nos_c/tre/src/data/DataUtils.o build/output/tmp/lib/termux-core_nos_c/tre/src/logger/FileLoggerImpl.o build/output/tmp/lib/termux-core_nos_c/tre/src/logger/Logger.o build/output/tmp/lib/termux-core_nos_c/tre/src/logger/StandardLoggerImpl.o build/output/tmp/lib/termux-core_nos_c/tre/src/security/SecurityUtils.o build/output/tmp/lib/termux-core_nos_c/tre/src/termux/file/TermuxFile.o build/output/tmp/lib/termux-core_nos_c/tre/src/termux/shell/command/environment/TermuxShellEnvironment.o build/output/tmp/lib/termux-core_nos_c/tre/src/termux/shell/command/environment/termux_core/TermuxCoreShellEnvironment.o build/output/tmp/lib/termux-core_nos_c/tre/src/unix/file/UnixFileUtils.o build/output/tmp/lib/termux-core_nos_c/tre/src/unix/os/process/UnixForkUtils.o build/output/tmp/lib/termux-core_nos_c/tre/src/unix/os/process/UnixSafeStrerror.o build/output/tmp/lib/termux-core_nos_c/tre/src/unix/os/process/UnixSignalUtils.o build/output/tmp/lib/termux-core_nos_c/tre/src/unix/os/selinux/UnixSeLinuxUtils.o build/output/tmp/lib/termux-core_nos_c/tre/src/unix/shell/command/environment/UnixShellEnvironment.o

termux-core-package: Building lib/termux-core_nos_c/tre/tests/*

termux-core-package: Building lib/termux-core_nos_c/tre/tests/libtermux-core_nos_c_tre_tests
sed -e "s%[@]TERMUX_CORE_PKG__VERSION[@]%0.4.0%g" -e "s%[@]TERMUX_CORE_PKG__ARCH[@]%aarch64%g" -e "s%[@]TERMUX__LNAME[@]%termux%g" -e "s%[@]TERMUX__REPOS_HOST_ORG_NAME[@]%termux%g" -e "s%[@]TERMUX_APP__NAME[@]%Thawra Alimia%g" -e "s%[@]TERMUX_APP__PACKAGE_NAME[@]%com.thawra.termux.ai%g" -e "s%[@]TERMUX_APP__DATA_DIR[@]%/data/data/com.thawra.termux.ai%g" -e "s%[@]TERMUX__ROOTFS[@]%/data/data/com.thawra.termux.ai/files%g" -e "s%[@]TERMUX__HOME[@]%/data/data/com.thawra.termux.ai/files/home%g" -e "s%[@]TERMUX__PREFIX[@]%/data/data/com.thawra.termux.ai/files/usr%g" -e "s%[@]TERMUX_ENV__S_ROOT[@]%TERMUX_%g" -e "s%[@]TERMUX_ENV__S_TERMUX[@]%TERMUX__%g" -e "s%[@]TERMUX_ENV__S_TERMUX_APP[@]%TERMUX_APP__%g" -e "s%[@]TERMUX_ENV__S_TERMUX_API_APP[@]%TERMUX_API_APP__%g" -e "s%[@]TERMUX_ENV__S_TERMUX_CORE[@]%TERMUX_CORE__%g" -e "s%[@]TERMUX_ENV__S_TERMUX_CORE__TESTS[@]%TERMUX_CORE__TESTS__%g" -e "s%[@]TERMUX_ENV__S_TERMUX_EXEC__TESTS[@]%TERMUX_EXEC__TESTS__%g" -e "s%[@]TERMUX_APP__NAMESPACE[@]%com.thawra.termux.ai%g" -e "s%[@]TERMUX_APP__SHELL_API__SHELL_API_ACTIVITY__CLASS_NAME[@]%com.thawra.termux.ai.app.TermuxActivity%g" -e "s%[@]TERMUX_APP__SHELL_API__SHELL_API_SERVICE__CLASS_NAME[@]%com.thawra.termux.ai.app.TermuxService%g" -e "s%[@]TERMUX_PKGS__REPO_URL[@]%https:\/\/github.com\/termux\/termux-packages%g" -e "s%[@]TERMUX_CORE_PKG__REPO_URL[@]%https:\/\/github.com\/termux\/termux-core-package%g" "lib/termux-core_nos_c/tre/tests/libtermux-core_nos_c_tre_tests.in" > "build/output/usr/libexec/installed-tests/termux-core/lib/termux-core_nos_c/tre/$(basename "lib/termux-core_nos_c/tre/tests/libtermux-core_nos_c_tre_tests")"
chmod 700 build/output/usr/libexec/installed-tests/termux-core/lib/termux-core_nos_c/tre/libtermux-core_nos_c_tre_tests

termux-core-package: Building lib/termux-core_nos_c/tre/tests/bin/libtermux-core_nos_c_tre_unit-binary-tests
/usr/local/lib/android/sdk/ndk/29.0.14206865/toolchains/llvm/prebuilt/linux-x86_64/bin/aarch64-linux-android24-clang  -Wall -Wextra -Werror -Wshadow -O2 -D_FORTIFY_SOURCE=2 -fstack-protector-strong -isystem/data/data/com.thawra.termux.ai/files/usr/include -I "lib/termux-core_nos_c/tre/include" -Lbuild/output/usr/lib -L/data/data/com.thawra.termux.ai/files/usr/lib -Wl,-rpath=/data/data/com.thawra.termux.ai/files/usr/lib -Wl,--enable-new-dtags -Wl,--as-needed -Wl,-z,relro,-z,now -Wl,--exclude-libs=ALL -DTERMUX_CORE_PKG__VERSION=\"0.4.0\" -DTERMUX__NAME=\"Termux\" -DTERMUX__LNAME=\"termux\" -DTERMUX__REPOS_HOST_ORG_NAME=\"termux\" -DTERMUX_APP__DATA_DIR=\"/data/data/com.thawra.termux.ai\" -DTERMUX__ROOTFS=\"/data/data/com.thawra.termux.ai/files\" -DTERMUX__PREFIX=\"/data/data/com.thawra.termux.ai/files/usr\" -DTERMUX__PREFIX__BIN_DIR=\"/data/data/com.thawra.termux.ai/files/usr/bin\" -DTERMUX__PREFIX__TMP_DIR=\"/data/data/com.thawra.termux.ai/files/usr/tmp\" -DTERMUX_ENV__S_TERMUX=\"TERMUX__\" -DTERMUX_ENV__S_TERMUX_APP=\"TERMUX_APP__\" -DTERMUX_ENV__S_TERMUX_ROOTFS=\"TERMUX_ROOTFS__\" -DTERMUX_ENV__S_TERMUX_CORE__TESTS=\"TERMUX_CORE__TESTS__\" -fPIE -pie -fvisibility=hidden -O0 -g \
	-fsanitize=address -fsanitize-recover=address -fno-omit-frame-pointer \
	-o build/output/usr/libexec/installed-tests/termux-core/lib/termux-core_nos_c/tre/bin/libtermux-core_nos_c_tre_unit-binary-tests-fsanitize \
	lib/termux-core_nos_c/tre/tests/src/libtermux-core_nos_c_tre_unit-binary-tests.c \
	-l:libtermux-core_nos_c_tre.a
/usr/local/lib/android/sdk/ndk/29.0.14206865/toolchains/llvm/prebuilt/linux-x86_64/bin/aarch64-linux-android24-clang  -Wall -Wextra -Werror -Wshadow -O2 -D_FORTIFY_SOURCE=2 -fstack-protector-strong -isystem/data/data/com.thawra.termux.ai/files/usr/include -I "lib/termux-core_nos_c/tre/include" -Lbuild/output/usr/lib -L/data/data/com.thawra.termux.ai/files/usr/lib -Wl,-rpath=/data/data/com.thawra.termux.ai/files/usr/lib -Wl,--enable-new-dtags -Wl,--as-needed -Wl,-z,relro,-z,now -Wl,--exclude-libs=ALL -DTERMUX_CORE_PKG__VERSION=\"0.4.0\" -DTERMUX__NAME=\"Termux\" -DTERMUX__LNAME=\"termux\" -DTERMUX__REPOS_HOST_ORG_NAME=\"termux\" -DTERMUX_APP__DATA_DIR=\"/data/data/com.thawra.termux.ai\" -DTERMUX__ROOTFS=\"/data/data/com.thawra.termux.ai/files\" -DTERMUX__PREFIX=\"/data/data/com.thawra.termux.ai/files/usr\" -DTERMUX__PREFIX__BIN_DIR=\"/data/data/com.thawra.termux.ai/files/usr/bin\" -DTERMUX__PREFIX__TMP_DIR=\"/data/data/com.thawra.termux.ai/files/usr/tmp\" -DTERMUX_ENV__S_TERMUX=\"TERMUX__\" -DTERMUX_ENV__S_TERMUX_APP=\"TERMUX_APP__\" -DTERMUX_ENV__S_TERMUX_ROOTFS=\"TERMUX_ROOTFS__\" -DTERMUX_ENV__S_TERMUX_CORE__TESTS=\"TERMUX_CORE__TESTS__\" -fPIE -pie -fvisibility=hidden -O0 -g \
	-o build/output/usr/libexec/installed-tests/termux-core/lib/termux-core_nos_c/tre/bin/libtermux-core_nos_c_tre_unit-binary-tests-nofsanitize \
	lib/termux-core_nos_c/tre/tests/src/libtermux-core_nos_c_tre_unit-binary-tests.c \
	-l:libtermux-core_nos_c_tre.a

termux-core-package: Building lib/termux-core_nos_cxx/tre

termux-core-package: Building lib/termux-core_nos_cxx/tre/lib/*.o
for source_file in lib/termux-core_nos_cxx/tre/src/TermuxCoreLibraryConfig.cxx; do \
	mkdir -p "$(dirname "build/output/tmp/$source_file")" || exit $?; \
	/usr/local/lib/android/sdk/ndk/29.0.14206865/toolchains/llvm/prebuilt/linux-x86_64/bin/aarch64-linux-android24-clang++ -c  -Wall -Wextra -Werror -Wshadow -O2 -D_FORTIFY_SOURCE=2 -fstack-protector-strong -isystem/data/data/com.thawra.termux.ai/files/usr/include -I "lib/termux-core_nos_c/tre/include" -I "lib/termux-core_nos_cxx/tre/include" \
		-DTERMUX_CORE_PKG__VERSION=\"0.4.0\" -DTERMUX__NAME=\"Termux\" -DTERMUX__LNAME=\"termux\" -DTERMUX__REPOS_HOST_ORG_NAME=\"termux\" -DTERMUX_APP__DATA_DIR=\"/data/data/com.thawra.termux.ai\" -DTERMUX__ROOTFS=\"/data/data/com.thawra.termux.ai/files\" -DTERMUX__PREFIX=\"/data/data/com.thawra.termux.ai/files/usr\" -DTERMUX__PREFIX__BIN_DIR=\"/data/data/com.thawra.termux.ai/files/usr/bin\" -DTERMUX__PREFIX__TMP_DIR=\"/data/data/com.thawra.termux.ai/files/usr/tmp\" -DTERMUX_ENV__S_TERMUX=\"TERMUX__\" -DTERMUX_ENV__S_TERMUX_APP=\"TERMUX_APP__\" -DTERMUX_ENV__S_TERMUX_ROOTFS=\"TERMUX_ROOTFS__\" -DTERMUX_ENV__S_TERMUX_CORE__TESTS=\"TERMUX_CORE__TESTS__\" \
		-fPIC -fvisibility=default \
		-o build/output/tmp/"$(echo "$source_file" | sed -E "s/(.*)\.cxx$/\1.o/")" \
		"$source_file" || exit $?; \
done

termux-core-package: Building lib/libtermux-core_nos_cxx_tre.so
/usr/local/lib/android/sdk/ndk/29.0.14206865/toolchains/llvm/prebuilt/linux-x86_64/bin/aarch64-linux-android24-clang++  -Wall -Wextra -Werror -Wshadow -O2 -D_FORTIFY_SOURCE=2 -fstack-protector-strong -isystem/data/data/com.thawra.termux.ai/files/usr/include -I "lib/termux-core_nos_c/tre/include" -I "lib/termux-core_nos_cxx/tre/include" \
	-Lbuild/output/usr/lib -L/data/data/com.thawra.termux.ai/files/usr/lib -Wl,-rpath=/data/data/com.thawra.termux.ai/files/usr/lib -Wl,--enable-new-dtags -Wl,--as-needed -Wl,-z,relro,-z,now -Wl,--exclude-libs=ALL \
	-DTERMUX_CORE_PKG__VERSION=\"0.4.0\" -DTERMUX__NAME=\"Termux\" -DTERMUX__LNAME=\"termux\" -DTERMUX__REPOS_HOST_ORG_NAME=\"termux\" -DTERMUX_APP__DATA_DIR=\"/data/data/com.thawra.termux.ai\" -DTERMUX__ROOTFS=\"/data/data/com.thawra.termux.ai/files\" -DTERMUX__PREFIX=\"/data/data/com.thawra.termux.ai/files/usr\" -DTERMUX__PREFIX__BIN_DIR=\"/data/data/com.thawra.termux.ai/files/usr/bin\" -DTERMUX__PREFIX__TMP_DIR=\"/data/data/com.thawra.termux.ai/files/usr/tmp\" -DTERMUX_ENV__S_TERMUX=\"TERMUX__\" -DTERMUX_ENV__S_TERMUX_APP=\"TERMUX_APP__\" -DTERMUX_ENV__S_TERMUX_ROOTFS=\"TERMUX_ROOTFS__\" -DTERMUX_ENV__S_TERMUX_CORE__TESTS=\"TERMUX_CORE__TESTS__\" \
	-fPIC -shared -fvisibility=default \
	-o build/output/usr/lib/libtermux-core_nos_cxx_tre.so \
	build/output/tmp/lib/termux-core_nos_cxx/tre/src/TermuxCoreLibraryConfig.o \
	-l:libtermux-core_nos_c_tre.a

termux-core-package: Building lib/libtermux-core_nos_cxx_tre.a
/usr/local/lib/android/sdk/ndk/29.0.14206865/toolchains/llvm/prebuilt/linux-x86_64/bin/llvm-ar rcs build/output/usr/lib/libtermux-core_nos_cxx_tre.a build/output/tmp/lib/termux-core_nos_cxx/tre/src/TermuxCoreLibraryConfig.o

termux-core-package: Building packaging/debian/*
find packaging/debian -mindepth 1 -maxdepth 1 -type f -name "*.in" -exec sh -c \
	'sed -e "s%[@]TERMUX_CORE_PKG__VERSION[@]%0.4.0%g" -e "s%[@]TERMUX_CORE_PKG__ARCH[@]%aarch64%g" -e "s%[@]TERMUX__LNAME[@]%termux%g" -e "s%[@]TERMUX__REPOS_HOST_ORG_NAME[@]%termux%g" -e "s%[@]TERMUX_APP__NAME[@]%Thawra Alimia%g" -e "s%[@]TERMUX_APP__PACKAGE_NAME[@]%com.thawra.termux.ai%g" -e "s%[@]TERMUX_APP__DATA_DIR[@]%/data/data/com.thawra.termux.ai%g" -e "s%[@]TERMUX__ROOTFS[@]%/data/data/com.thawra.termux.ai/files%g" -e "s%[@]TERMUX__HOME[@]%/data/data/com.thawra.termux.ai/files/home%g" -e "s%[@]TERMUX__PREFIX[@]%/data/data/com.thawra.termux.ai/files/usr%g" -e "s%[@]TERMUX_ENV__S_ROOT[@]%TERMUX_%g" -e "s%[@]TERMUX_ENV__S_TERMUX[@]%TERMUX__%g" -e "s%[@]TERMUX_ENV__S_TERMUX_APP[@]%TERMUX_APP__%g" -e "s%[@]TERMUX_ENV__S_TERMUX_API_APP[@]%TERMUX_API_APP__%g" -e "s%[@]TERMUX_ENV__S_TERMUX_CORE[@]%TERMUX_CORE__%g" -e "s%[@]TERMUX_ENV__S_TERMUX_CORE__TESTS[@]%TERMUX_CORE__TESTS__%g" -e "s%[@]TERMUX_ENV__S_TERMUX_EXEC__TESTS[@]%TERMUX_EXEC__TESTS__%g" -e "s%[@]TERMUX_APP__NAMESPACE[@]%com.thawra.termux.ai%g" -e "s%[@]TERMUX_APP__SHELL_API__SHELL_API_ACTIVITY__CLASS_NAME[@]%com.thawra.termux.ai.app.TermuxActivity%g" -e "s%[@]TERMUX_APP__SHELL_API__SHELL_API_SERVICE__CLASS_NAME[@]%com.thawra.termux.ai.app.TermuxService%g" -e "s%[@]TERMUX_PKGS__REPO_URL[@]%https:\/\/github.com\/termux\/termux-packages%g" -e "s%[@]TERMUX_CORE_PKG__REPO_URL[@]%https:\/\/github.com\/termux\/termux-core-package%g" "$1" > build/output/packaging/debian/"$(basename "$1" | sed "s/\.in$//")"' sh "{}" \;
find build/output/packaging/debian -mindepth 1 -maxdepth 1 -type f \
	-regextype posix-extended -regex "^.*/(postinst|postrm|preinst|prerm)$" \
	-exec chmod 700 {} \;
find build/output/packaging/debian -mindepth 1 -maxdepth 1 -type f \
	-regextype posix-extended -regex "^.*/(config|conffiles|templates|triggers|clilibs|fortran_mod|runit|shlibs|starlibs|symbols)$" \
	-exec chmod 600 {} \;

termux-core-package: Build termux-core-package successful

termux-core-package: Installing termux-core-package in /data/data/com.thawra.termux.ai/files/usr
install -d /data/data/com.thawra.termux.ai/files/usr/bin
install -d /data/data/com.thawra.termux.ai/files/usr/include
install -d /data/data/com.thawra.termux.ai/files/usr/lib
install -d /data/data/com.thawra.termux.ai/files/usr/libexec
find build/output/usr/bin -maxdepth 1 \( -type f -o -type l \) -exec cp -a "{}" /data/data/com.thawra.termux.ai/files/usr/bin/ \;
rm -rf /data/data/com.thawra.termux.ai/files/usr/include/termux-core
install -d /data/data/com.thawra.termux.ai/files/usr/include/termux-core/termux
cp -a lib/termux-core_nos_c/tre/include/termux/termux_core__nos__c /data/data/com.thawra.termux.ai/files/usr/include/termux-core/termux/termux_core__nos__c
install build/output/usr/lib/libtermux-core_nos_c_tre.so /data/data/com.thawra.termux.ai/files/usr/lib/libtermux-core_nos_c_tre.so
install build/output/usr/lib/libtermux-core_nos_c_tre.a /data/data/com.thawra.termux.ai/files/usr/lib/libtermux-core_nos_c_tre.a
cp -a lib/termux-core_nos_cxx/tre/include/termux/termux_core__nos__cxx /data/data/com.thawra.termux.ai/files/usr/include/termux-core/termux/termux_core__nos__cxx
install build/output/usr/lib/libtermux-core_nos_cxx_tre.so /data/data/com.thawra.termux.ai/files/usr/lib/libtermux-core_nos_cxx_tre.so
install build/output/usr/lib/libtermux-core_nos_cxx_tre.a /data/data/com.thawra.termux.ai/files/usr/lib/libtermux-core_nos_cxx_tre.a
find /data/data/com.thawra.termux.ai/files/usr/include/termux-core -type d -exec chmod 700 {} \;
find /data/data/com.thawra.termux.ai/files/usr/include/termux-core -type f -exec chmod 600 {} \;
rm -rf /data/data/com.thawra.termux.ai/files/usr/libexec/installed-tests/termux-core
install -d /data/data/com.thawra.termux.ai/files/usr/libexec/installed-tests
cp -a build/output/usr/libexec/installed-tests/termux-core /data/data/com.thawra.termux.ai/files/usr/libexec/installed-tests/termux-core

termux-core-package: Install termux-core-package successful

/data/data/com.thawra.termux.ai/files/usr/bin/termux-apps-info-env-variable
/data/data/com.thawra.termux.ai/files/usr/bin/termux-apps-info-env-variable.bash
/data/data/com.thawra.termux.ai/files/usr/bin/termux-apps-info-app-version-name.sh
/data/data/com.thawra.termux.ai/files/usr/bin/termux-apps-info-app-version-name
/data/data/com.thawra.termux.ai/files/usr/bin/termux-scoped-env-variable.sh
/data/data/com.thawra.termux.ai/files/usr/bin/termux-apps-info-app-version-name.bash
/data/data/com.thawra.termux.ai/files/usr/bin/termux-scoped-env-variable
/data/data/com.thawra.termux.ai/files/usr/bin/termux-apps-info-env-variable.sh
/data/data/com.thawra.termux.ai/files/usr/bin/termux-scoped-env-variable.bash
/data/data/com.thawra.termux.ai/files/usr/libexec/installed-tests/termux-core/app/main/termux-external-packages_tests
/data/data/com.thawra.termux.ai/files/usr/libexec/installed-tests/termux-core/app/main/termux-core-main-app_tests
/data/data/com.thawra.termux.ai/files/usr/libexec/installed-tests/termux-core/app/main/termux-core-tests
/data/data/com.thawra.termux.ai/files/usr/libexec/installed-tests/termux-core/app/main/scripts/termux-core-main-app_runtime-script-tests
/data/data/com.thawra.termux.ai/files/usr/libexec/installed-tests/termux-core/app/main/scripts/termux/shell/command/environment/termux-scoped-env-variable_runtime-script-tests
/data/data/com.thawra.termux.ai/files/usr/libexec/installed-tests/termux-core/app/main/scripts/termux/shell/command/environment/termux-apps-info-env-variable_runtime-script-tests
/data/data/com.thawra.termux.ai/files/usr/libexec/installed-tests/termux-core/app/main/scripts/termux/shell/command/environment/termux-shell-command-environment_runtime-script-tests
/data/data/com.thawra.termux.ai/files/usr/libexec/installed-tests/termux-core/app/main/scripts/termux/shell/command/environment/termux-apps-info-app-version-name_runtime-script-tests
/data/data/com.thawra.termux.ai/files/usr/libexec/installed-tests/termux-core/lib/termux-core_nos_c/tre/libtermux-core_nos_c_tre_tests
/data/data/com.thawra.termux.ai/files/usr/libexec/installed-tests/termux-core/lib/termux-core_nos_c/tre/bin/libtermux-core_nos_c_tre_unit-binary-tests-nofsanitize
/data/data/com.thawra.termux.ai/files/usr/libexec/installed-tests/termux-core/lib/termux-core_nos_c/tre/bin/libtermux-core_nos_c_tre_unit-binary-tests-fsanitize
/data/data/com.thawra.termux.ai/files/usr/include/termux-core/termux/termux_core__nos__cxx/v1/TermuxCoreLibraryConfig.h
/data/data/com.thawra.termux.ai/files/usr/include/termux-core/termux/termux_core__nos__c/v1/TermuxCoreLibraryConfig.h
/data/data/com.thawra.termux.ai/files/usr/include/termux-core/termux/termux_core__nos__c/v1/android/shell/command/environment/AndroidShellEnvironment.h
/data/data/com.thawra.termux.ai/files/usr/include/termux-core/termux/termux_core__nos__c/v1/data/AssertUtils.h
/data/data/com.thawra.termux.ai/files/usr/include/termux-core/termux/termux_core__nos__c/v1/data/DataUtils.h
/data/data/com.thawra.termux.ai/files/usr/include/termux-core/termux/termux_core__nos__c/v1/security/SecurityUtils.h
/data/data/com.thawra.termux.ai/files/usr/include/termux-core/termux/termux_core__nos__c/v1/termux/shell/command/environment/termux_core/TermuxCoreShellEnvironment.h
/data/data/com.thawra.termux.ai/files/usr/include/termux-core/termux/termux_core__nos__c/v1/termux/shell/command/environment/TermuxShellEnvironment.h
/data/data/com.thawra.termux.ai/files/usr/include/termux-core/termux/termux_core__nos__c/v1/termux/file/TermuxFile.h
/data/data/com.thawra.termux.ai/files/usr/include/termux-core/termux/termux_core__nos__c/v1/unix/shell/command/environment/UnixShellEnvironment.h
/data/data/com.thawra.termux.ai/files/usr/include/termux-core/termux/termux_core__nos__c/v1/unix/file/UnixFileUtils.h
/data/data/com.thawra.termux.ai/files/usr/include/termux-core/termux/termux_core__nos__c/v1/unix/os/selinux/UnixSeLinuxUtils.h
/data/data/com.thawra.termux.ai/files/usr/include/termux-core/termux/termux_core__nos__c/v1/unix/os/process/UnixSignalUtils.h
/data/data/com.thawra.termux.ai/files/usr/include/termux-core/termux/termux_core__nos__c/v1/unix/os/process/UnixForkUtils.h
/data/data/com.thawra.termux.ai/files/usr/include/termux-core/termux/termux_core__nos__c/v1/unix/os/process/UnixSafeStrerror.h
/data/data/com.thawra.termux.ai/files/usr/include/termux-core/termux/termux_core__nos__c/v1/logger/Logger.h
/data/data/com.thawra.termux.ai/files/usr/include/termux-core/termux/termux_core__nos__c/v1/logger/StandardLoggerImpl.h
/data/data/com.thawra.termux.ai/files/usr/include/termux-core/termux/termux_core__nos__c/v1/logger/FileLoggerImpl.h
/data/data/com.thawra.termux.ai/files/usr/lib/libtermux-core_nos_c_tre.a
/data/data/com.thawra.termux.ai/files/usr/lib/libtermux-core_nos_cxx_tre.so
/data/data/com.thawra.termux.ai/files/usr/lib/libtermux-core_nos_c_tre.so
/data/data/com.thawra.termux.ai/files/usr/lib/libtermux-core_nos_cxx_tre.a
